MPLINK 5.09, LINKER
Linker Map File - Created Fri Jan 18 15:21:13 2019

                                 Section Info
                  Section       Type    Address   Location Size(Bytes)
                ---------  ---------  ---------  ---------  ---------
                 RES_VECT       code   0x000000    program   0x000002
                   .cinit    romdata   0x000001    program   0x000004
                   .org_0       code   0x000004    program   0x0000a0
                   .org_1       code   0x0000f7    program   0x000014
                   .org_2       code   0x000256    program   0x000020
.config_8007_BUILD/DEFAULT/DEBUG/ENCODER_4X_2       code   0x008007    program   0x000002
.config_8008_BUILD/DEFAULT/DEBUG/ENCODER_4X_2       code   0x008008    program   0x000002
.config_8009_BUILD/DEFAULT/DEBUG/ENCODER_4X_2       code   0x008009    program   0x000002



                              Program Memory Usage 
                               Start         End      
                           ---------   ---------      
                            0x000000    0x000002      
                            0x000004    0x000053      
                            0x0000f7    0x000100      
                            0x000256    0x000265      
                            0x008007    0x008009      
            112 out of 8200 program addresses used, program memory utilization is 1%



                              Symbols - Sorted by Name
                     Name    Address   Location    Storage File                     
                ---------  ---------  ---------  --------- ---------                
                    BTEST   0x00000a    program     static C:\Users\Red\MPLABXProjects\encder_4x_2byte_2eskomplemens.X\encoder_4x_2byte.asm
                  EXITISR   0x00002b    program     static C:\Users\Red\MPLABXProjects\encder_4x_2byte_2eskomplemens.X\encoder_4x_2byte.asm
                      ISR   0x000005    program     static C:\Users\Red\MPLABXProjects\encder_4x_2byte_2eskomplemens.X\encoder_4x_2byte.asm
                   MINUS1   0x00001a    program     static C:\Users\Red\MPLABXProjects\encder_4x_2byte_2eskomplemens.X\encoder_4x_2byte.asm
                   MINUS2   0x000026    program     static C:\Users\Red\MPLABXProjects\encder_4x_2byte_2eskomplemens.X\encoder_4x_2byte.asm
                     PINA   0x00000d    program     static C:\Users\Red\MPLABXProjects\encder_4x_2byte_2eskomplemens.X\encoder_4x_2byte.asm
                     PINB   0x000011    program     static C:\Users\Red\MPLABXProjects\encder_4x_2byte_2eskomplemens.X\encoder_4x_2byte.asm
                    PLUS1   0x000016    program     static C:\Users\Red\MPLABXProjects\encder_4x_2byte_2eskomplemens.X\encoder_4x_2byte.asm
                    PLUS2   0x00001f    program     static C:\Users\Red\MPLABXProjects\encder_4x_2byte_2eskomplemens.X\encoder_4x_2byte.asm
                    SEMMI   0x000015    program     static C:\Users\Red\MPLABXProjects\encder_4x_2byte_2eskomplemens.X\encoder_4x_2byte.asm
                    Start   0x000035    program     static C:\Users\Red\MPLABXProjects\encder_4x_2byte_2eskomplemens.X\encoder_4x_2byte.asm
                    TABEL   0x000256    program     static C:\Users\Red\MPLABXProjects\encder_4x_2byte_2eskomplemens.X\encoder_4x_2byte.asm
                    UGRAS   0x000054    program     static C:\Users\Red\MPLABXProjects\encder_4x_2byte_2eskomplemens.X\encoder_4x_2byte.asm
                     main   0x000052    program     static C:\Users\Red\MPLABXProjects\encder_4x_2byte_2eskomplemens.X\encoder_4x_2byte.asm



                              Symbols - Sorted by Address
                     Name    Address   Location    Storage File                     
                ---------  ---------  ---------  --------- ---------                
                      ISR   0x000005    program     static C:\Users\Red\MPLABXProjects\encder_4x_2byte_2eskomplemens.X\encoder_4x_2byte.asm
                    BTEST   0x00000a    program     static C:\Users\Red\MPLABXProjects\encder_4x_2byte_2eskomplemens.X\encoder_4x_2byte.asm
                     PINA   0x00000d    program     static C:\Users\Red\MPLABXProjects\encder_4x_2byte_2eskomplemens.X\encoder_4x_2byte.asm
                     PINB   0x000011    program     static C:\Users\Red\MPLABXProjects\encder_4x_2byte_2eskomplemens.X\encoder_4x_2byte.asm
                    SEMMI   0x000015    program     static C:\Users\Red\MPLABXProjects\encder_4x_2byte_2eskomplemens.X\encoder_4x_2byte.asm
                    PLUS1   0x000016    program     static C:\Users\Red\MPLABXProjects\encder_4x_2byte_2eskomplemens.X\encoder_4x_2byte.asm
                   MINUS1   0x00001a    program     static C:\Users\Red\MPLABXProjects\encder_4x_2byte_2eskomplemens.X\encoder_4x_2byte.asm
                    PLUS2   0x00001f    program     static C:\Users\Red\MPLABXProjects\encder_4x_2byte_2eskomplemens.X\encoder_4x_2byte.asm
                   MINUS2   0x000026    program     static C:\Users\Red\MPLABXProjects\encder_4x_2byte_2eskomplemens.X\encoder_4x_2byte.asm
                  EXITISR   0x00002b    program     static C:\Users\Red\MPLABXProjects\encder_4x_2byte_2eskomplemens.X\encoder_4x_2byte.asm
                    Start   0x000035    program     static C:\Users\Red\MPLABXProjects\encder_4x_2byte_2eskomplemens.X\encoder_4x_2byte.asm
                     main   0x000052    program     static C:\Users\Red\MPLABXProjects\encder_4x_2byte_2eskomplemens.X\encoder_4x_2byte.asm
                    UGRAS   0x000054    program     static C:\Users\Red\MPLABXProjects\encder_4x_2byte_2eskomplemens.X\encoder_4x_2byte.asm
                    TABEL   0x000256    program     static C:\Users\Red\MPLABXProjects\encder_4x_2byte_2eskomplemens.X\encoder_4x_2byte.asm


